Archive member included to satisfy reference by file (symbol)

out/lib/drivers.a(crt0.o)     (Reset_Handler)

Discarded input sections

 .text          0x00000000        0x0 out/lib/drivers.a(crt0.o)
 .data          0x00000000        0x0 out/lib/drivers.a(crt0.o)
 .bss           0x00000000        0x0 out/lib/drivers.a(crt0.o)
 .text          0x00000000        0x0 out/obj/blinky/main.o
 .data          0x00000000        0x0 out/obj/blinky/main.o
 .bss           0x00000000        0x0 out/obj/blinky/main.o

Memory Configuration

Name             Origin             Length             Attributes
FLASH            0x08000000         0x00100000         xr
RAM              0x20000000         0x00018000         xrw
*default*        0x00000000         0xffffffff

Linker script and memory map

                0x20018000                _estack = 0x20018000
                0x00000200                _Min_Heap_Size = 0x200
                0x00000400                _Min_Stack_Size = 0x400

.isr_vector     0x08000000      0x1b0
                0x08000000                . = ALIGN (0x8)
 *(.isr_vector)
 .isr_vector    0x08000000      0x1ac out/lib/drivers.a(crt0.o)
                0x08000000                vectorTable
                0x080001b0                . = ALIGN (0x8)
 *fill*         0x080001ac        0x4 

.text           0x080001b0      0x588
                0x080001b0                . = ALIGN (0x8)
 *(.text)
 *(.text*)
 .text.Reset_Handler
                0x080001b0       0xb4 out/lib/drivers.a(crt0.o)
                0x080001b0                Reset_Handler
 .text.NMI_Handler
                0x08000264        0xc out/lib/drivers.a(crt0.o)
                0x08000264                NMI_Handler
 .text.HardFault_Handler
                0x08000270        0xc out/lib/drivers.a(crt0.o)
                0x08000270                HardFault_Handler
 .text.MemManage_Handler
                0x0800027c        0xc out/lib/drivers.a(crt0.o)
                0x0800027c                MemManage_Handler
 .text.BusFault_Handler
                0x08000288        0xc out/lib/drivers.a(crt0.o)
                0x08000288                BusFault_Handler
 .text.UsageFault_Handler
                0x08000294        0xc out/lib/drivers.a(crt0.o)
                0x08000294                UsageFault_Handler
 .text.SVCall_Handler
                0x080002a0        0xc out/lib/drivers.a(crt0.o)
                0x080002a0                SVCall_Handler
 .text.Debug_Handler
                0x080002ac        0xc out/lib/drivers.a(crt0.o)
                0x080002ac                Debug_Handler
 .text.PendSV_Handler
                0x080002b8        0xc out/lib/drivers.a(crt0.o)
                0x080002b8                PendSV_Handler
 .text.SysTick_Handler
                0x080002c4        0xc out/lib/drivers.a(crt0.o)
                0x080002c4                SysTick_Handler
 .text.WWDG_Handler
                0x080002d0        0xc out/lib/drivers.a(crt0.o)
                0x080002d0                WWDG_Handler
 .text.PVD_PVM_Handler
                0x080002dc        0xc out/lib/drivers.a(crt0.o)
                0x080002dc                PVD_PVM_Handler
 .text.RTC_TAMP_STAMP_CSS_LSE_Handler
                0x080002e8        0xc out/lib/drivers.a(crt0.o)
                0x080002e8                RTC_TAMP_STAMP_CSS_LSE_Handler
 .text.RTC_WKUP_Handler
                0x080002f4        0xc out/lib/drivers.a(crt0.o)
                0x080002f4                RTC_WKUP_Handler
 .text.FLASH_Handler
                0x08000300        0xc out/lib/drivers.a(crt0.o)
                0x08000300                FLASH_Handler
 .text.RCC_Handler
                0x0800030c        0xc out/lib/drivers.a(crt0.o)
                0x0800030c                RCC_Handler
 .text.EXTI0_Handler
                0x08000318        0xc out/lib/drivers.a(crt0.o)
                0x08000318                EXTI0_Handler
 .text.EXTI1_Handler
                0x08000324        0xc out/lib/drivers.a(crt0.o)
                0x08000324                EXTI1_Handler
 .text.EXTI2_Handler
                0x08000330        0xc out/lib/drivers.a(crt0.o)
                0x08000330                EXTI2_Handler
 .text.EXTI3_Handler
                0x0800033c        0xc out/lib/drivers.a(crt0.o)
                0x0800033c                EXTI3_Handler
 .text.EXTI4_Handler
                0x08000348        0xc out/lib/drivers.a(crt0.o)
                0x08000348                EXTI4_Handler
 .text.DMA1_CH1_Handler
                0x08000354        0xc out/lib/drivers.a(crt0.o)
                0x08000354                DMA1_CH1_Handler
 .text.DMA1_CH2_Handler
                0x08000360        0xc out/lib/drivers.a(crt0.o)
                0x08000360                DMA1_CH2_Handler
 .text.DMA1_CH3_Handler
                0x0800036c        0xc out/lib/drivers.a(crt0.o)
                0x0800036c                DMA1_CH3_Handler
 .text.DMA1_CH4_Handler
                0x08000378        0xc out/lib/drivers.a(crt0.o)
                0x08000378                DMA1_CH4_Handler
 .text.DMA1_CH5_Handler
                0x08000384        0xc out/lib/drivers.a(crt0.o)
                0x08000384                DMA1_CH5_Handler
 .text.DMA1_CH6_Handler
                0x08000390        0xc out/lib/drivers.a(crt0.o)
                0x08000390                DMA1_CH6_Handler
 .text.DMA1_CH7_Handler
                0x0800039c        0xc out/lib/drivers.a(crt0.o)
                0x0800039c                DMA1_CH7_Handler
 .text.ADC_1_2_Handler
                0x080003a8        0xc out/lib/drivers.a(crt0.o)
                0x080003a8                ADC_1_2_Handler
 .text.CAN1_TX_Handler
                0x080003b4        0xc out/lib/drivers.a(crt0.o)
                0x080003b4                CAN1_TX_Handler
 .text.CAN1_RX0_Handler
                0x080003c0        0xc out/lib/drivers.a(crt0.o)
                0x080003c0                CAN1_RX0_Handler
 .text.CAN1_RX1_Handler
                0x080003cc        0xc out/lib/drivers.a(crt0.o)
                0x080003cc                CAN1_RX1_Handler
 .text.CAN1_SCE_Handler
                0x080003d8        0xc out/lib/drivers.a(crt0.o)
                0x080003d8                CAN1_SCE_Handler
 .text.EXTI9_5_Handler
                0x080003e4        0xc out/lib/drivers.a(crt0.o)
                0x080003e4                EXTI9_5_Handler
 .text.TIM1_BRK_TIM15_Handler
                0x080003f0        0xc out/lib/drivers.a(crt0.o)
                0x080003f0                TIM1_BRK_TIM15_Handler
 .text.TIM1_UP_TIM16_Handler
                0x080003fc        0xc out/lib/drivers.a(crt0.o)
                0x080003fc                TIM1_UP_TIM16_Handler
 .text.TIM1_TRG_COM_TIM17_Handler
                0x08000408        0xc out/lib/drivers.a(crt0.o)
                0x08000408                TIM1_TRG_COM_TIM17_Handler
 .text.TIM1_CC_Handler
                0x08000414        0xc out/lib/drivers.a(crt0.o)
                0x08000414                TIM1_CC_Handler
 .text.TIM2_Handler
                0x08000420        0xc out/lib/drivers.a(crt0.o)
                0x08000420                TIM2_Handler
 .text.TIM3_Handler
                0x0800042c        0xc out/lib/drivers.a(crt0.o)
                0x0800042c                TIM3_Handler
 .text.TIM4_Handler
                0x08000438        0xc out/lib/drivers.a(crt0.o)
                0x08000438                TIM4_Handler
 .text.I2C1_EV_Handler
                0x08000444        0xc out/lib/drivers.a(crt0.o)
                0x08000444                I2C1_EV_Handler
 .text.I2C1_ER_Handler
                0x08000450        0xc out/lib/drivers.a(crt0.o)
                0x08000450                I2C1_ER_Handler
 .text.I2C2_EV_Handler
                0x0800045c        0xc out/lib/drivers.a(crt0.o)
                0x0800045c                I2C2_EV_Handler
 .text.I2C2_ER_Handler
                0x08000468        0xc out/lib/drivers.a(crt0.o)
                0x08000468                I2C2_ER_Handler
 .text.SPI1_Handler
                0x08000474        0xc out/lib/drivers.a(crt0.o)
                0x08000474                SPI1_Handler
 .text.SPI2_Handler
                0x08000480        0xc out/lib/drivers.a(crt0.o)
                0x08000480                SPI2_Handler
 .text.USART1_Handler
                0x0800048c        0xc out/lib/drivers.a(crt0.o)
                0x0800048c                USART1_Handler
 .text.USART2_Handler
                0x08000498        0xc out/lib/drivers.a(crt0.o)
                0x08000498                USART2_Handler
 .text.USART3_Handler
                0x080004a4        0xc out/lib/drivers.a(crt0.o)
                0x080004a4                USART3_Handler
 .text.EXTI15_10_Handler
                0x080004b0        0xc out/lib/drivers.a(crt0.o)
                0x080004b0                EXTI15_10_Handler
 .text.RTC_ALARM_Handler
                0x080004bc        0xc out/lib/drivers.a(crt0.o)
                0x080004bc                RTC_ALARM_Handler
 .text.DFSDM1_FLT3_Handler
                0x080004c8        0xc out/lib/drivers.a(crt0.o)
                0x080004c8                DFSDM1_FLT3_Handler
 .text.TIM8_BRK_Handler
                0x080004d4        0xc out/lib/drivers.a(crt0.o)
                0x080004d4                TIM8_BRK_Handler
 .text.TIM8_UP_Handler
                0x080004e0        0xc out/lib/drivers.a(crt0.o)
                0x080004e0                TIM8_UP_Handler
 .text.TIM8_TRG_COM_Handler
                0x080004ec        0xc out/lib/drivers.a(crt0.o)
                0x080004ec                TIM8_TRG_COM_Handler
 .text.TIM8_CC_Handler
                0x080004f8        0xc out/lib/drivers.a(crt0.o)
                0x080004f8                TIM8_CC_Handler
 .text.ADC3_Handler
                0x08000504        0xc out/lib/drivers.a(crt0.o)
                0x08000504                ADC3_Handler
 .text.FMC_Handler
                0x08000510        0xc out/lib/drivers.a(crt0.o)
                0x08000510                FMC_Handler
 .text.SDMMC1_Handler
                0x0800051c        0xc out/lib/drivers.a(crt0.o)
                0x0800051c                SDMMC1_Handler
 .text.TIM5_Handler
                0x08000528        0xc out/lib/drivers.a(crt0.o)
                0x08000528                TIM5_Handler
 .text.SPI3_Handler
                0x08000534        0xc out/lib/drivers.a(crt0.o)
                0x08000534                SPI3_Handler
 .text.UART4_Handler
                0x08000540        0xc out/lib/drivers.a(crt0.o)
                0x08000540                UART4_Handler
 .text.UART5_Handler
                0x0800054c        0xc out/lib/drivers.a(crt0.o)
                0x0800054c                UART5_Handler
 .text.TIM6_DACUNDER_Handler
                0x08000558        0xc out/lib/drivers.a(crt0.o)
                0x08000558                TIM6_DACUNDER_Handler
 .text.TIM7_Handler
                0x08000564        0xc out/lib/drivers.a(crt0.o)
                0x08000564                TIM7_Handler
 .text.DMA2_CH1_Handler
                0x08000570        0xc out/lib/drivers.a(crt0.o)
                0x08000570                DMA2_CH1_Handler
 .text.DMA2_CH2_Handler
                0x0800057c        0xc out/lib/drivers.a(crt0.o)
                0x0800057c                DMA2_CH2_Handler
 .text.DMA2_CH3_Handler
                0x08000588        0xc out/lib/drivers.a(crt0.o)
                0x08000588                DMA2_CH3_Handler
 .text.DMA2_CH4_Handler
                0x08000594        0xc out/lib/drivers.a(crt0.o)
                0x08000594                DMA2_CH4_Handler
 .text.DMA2_CH5_Handler
                0x080005a0        0xc out/lib/drivers.a(crt0.o)
                0x080005a0                DMA2_CH5_Handler
 .text.DFSDM1_FLT0_Handler
                0x080005ac        0xc out/lib/drivers.a(crt0.o)
                0x080005ac                DFSDM1_FLT0_Handler
 .text.DFSDM1_FLT1_Handler
                0x080005b8        0xc out/lib/drivers.a(crt0.o)
                0x080005b8                DFSDM1_FLT1_Handler
 .text.DFSDM1_FLT2_Handler
                0x080005c4        0xc out/lib/drivers.a(crt0.o)
                0x080005c4                DFSDM1_FLT2_Handler
 .text.COMP_Handler
                0x080005d0        0xc out/lib/drivers.a(crt0.o)
                0x080005d0                COMP_Handler
 .text.LPTIM1_Handler
                0x080005dc        0xc out/lib/drivers.a(crt0.o)
                0x080005dc                LPTIM1_Handler
 .text.LPTIM2_Handler
                0x080005e8        0xc out/lib/drivers.a(crt0.o)
                0x080005e8                LPTIM2_Handler
 .text.OTG_FS_Handler
                0x080005f4        0xc out/lib/drivers.a(crt0.o)
                0x080005f4                OTG_FS_Handler
 .text.DMA2_CH6_Handler
                0x08000600        0xc out/lib/drivers.a(crt0.o)
                0x08000600                DMA2_CH6_Handler
 .text.DMA2_CH7_Handler
                0x0800060c        0xc out/lib/drivers.a(crt0.o)
                0x0800060c                DMA2_CH7_Handler
 .text.LPUART1_Handler
                0x08000618        0xc out/lib/drivers.a(crt0.o)
                0x08000618                LPUART1_Handler
 .text.QUADSPI_Handler
                0x08000624        0xc out/lib/drivers.a(crt0.o)
                0x08000624                QUADSPI_Handler
 .text.I2C3_EV_Handler
                0x08000630        0xc out/lib/drivers.a(crt0.o)
                0x08000630                I2C3_EV_Handler
 .text.I2C3_ER_Handler
                0x0800063c        0xc out/lib/drivers.a(crt0.o)
                0x0800063c                I2C3_ER_Handler
 .text.SAI1_Handler
                0x08000648        0xc out/lib/drivers.a(crt0.o)
                0x08000648                SAI1_Handler
 .text.SAI2_Handler
                0x08000654        0xc out/lib/drivers.a(crt0.o)
                0x08000654                SAI2_Handler
 .text.SWPMI1_Handler
                0x08000660        0xc out/lib/drivers.a(crt0.o)
                0x08000660                SWPMI1_Handler
 .text.TSC_Handler
                0x0800066c        0xc out/lib/drivers.a(crt0.o)
                0x0800066c                TSC_Handler
 .text.LCD_Handler
                0x08000678        0xc out/lib/drivers.a(crt0.o)
                0x08000678                LCD_Handler
 .text.AES_Handler
                0x08000684        0xc out/lib/drivers.a(crt0.o)
                0x08000684                AES_Handler
 .text.RNG_Handler
                0x08000690        0xc out/lib/drivers.a(crt0.o)
                0x08000690                RNG_Handler
 .text.FPU_Handler
                0x0800069c        0xc out/lib/drivers.a(crt0.o)
                0x0800069c                FPU_Handler
 .text.HASH_CRS_Handler
                0x080006a8        0xc out/lib/drivers.a(crt0.o)
                0x080006a8                HASH_CRS_Handler
 .text.I2C4_EV_Handler
                0x080006b4        0xc out/lib/drivers.a(crt0.o)
                0x080006b4                I2C4_EV_Handler
 .text.I2C4_ER_Handler
                0x080006c0        0xc out/lib/drivers.a(crt0.o)
                0x080006c0                I2C4_ER_Handler
 .text.DCMI_Handler
                0x080006cc        0xc out/lib/drivers.a(crt0.o)
                0x080006cc                DCMI_Handler
 .text.CAN2_TX_Handler
                0x080006d8        0xc out/lib/drivers.a(crt0.o)
                0x080006d8                CAN2_TX_Handler
 .text.CAN2_RX0_Handler
                0x080006e4        0xc out/lib/drivers.a(crt0.o)
                0x080006e4                CAN2_RX0_Handler
 .text.CAN2_RX1_Handler
                0x080006f0        0xc out/lib/drivers.a(crt0.o)
                0x080006f0                CAN2_RX1_Handler
 .text.CAN2_SCE_Handler
                0x080006fc        0xc out/lib/drivers.a(crt0.o)
                0x080006fc                CAN2_SCE_Handler
 .text.DMA2D_Handler
                0x08000708        0xc out/lib/drivers.a(crt0.o)
                0x08000708                DMA2D_Handler
 .text.Default_Handler
                0x08000714        0x6 out/lib/drivers.a(crt0.o)
 *fill*         0x0800071a        0x2 
 .text.main     0x0800071c       0x1c out/obj/blinky/main.o
                0x0800071c                main
 *(.glue_7)
 .glue_7        0x08000738        0x0 linker stubs
 *(.glue_7t)
 .glue_7t       0x08000738        0x0 linker stubs
 *(.eh_frame)
 *(.init)
 *(.fini)
                0x08000738                . = ALIGN (0x8)
                0x08000738                _etext = .

.vfp11_veneer   0x08000738        0x0
 .vfp11_veneer  0x08000738        0x0 linker stubs

.v4_bx          0x08000738        0x0
 .v4_bx         0x08000738        0x0 linker stubs

.iplt           0x08000738        0x0
 .iplt          0x08000738        0x0 out/lib/drivers.a(crt0.o)

.rel.dyn        0x08000738        0x0
 .rel.iplt      0x08000738        0x0 out/lib/drivers.a(crt0.o)

.rodata         0x08000738        0x0
                0x08000738                . = ALIGN (0x8)
 *(.rodata)
 *(.rodata*)
                0x08000738                . = ALIGN (0x8)

.ARM.extab      0x08000738        0x0
                0x08000738                . = ALIGN (0x8)
 *(.ARM.extab* .gnu.linkonce.armextab.*)
                0x08000738                . = ALIGN (0x8)

.ARM            0x08000738        0x0
                0x08000738                . = ALIGN (0x8)
                0x08000738                __exidx_start = .
 *(.ARM.exidx*)
                0x08000738                __exidx_end = .
                0x08000738                . = ALIGN (0x8)

.preinit_array  0x08000738        0x0
                0x08000738                . = ALIGN (0x8)
                [!provide]                PROVIDE (__preinit_array_start = .)
 *(.preinit_array*)
                [!provide]                PROVIDE (__preinit_array_end = .)
                0x08000738                . = ALIGN (0x8)

.init_array     0x08000738        0x0
                0x08000738                . = ALIGN (0x8)
                [!provide]                PROVIDE (__init_array_start = .)
 *(SORT_BY_NAME(.init_array.*))
 *(.init_array*)
                [!provide]                PROVIDE (__init_array_end = .)
                0x08000738                . = ALIGN (0x8)

.fini_array     0x08000738        0x0
                0x08000738                . = ALIGN (0x8)
                [!provide]                PROVIDE (__fini_array_start = .)
 *(SORT_BY_NAME(.fini_array.*))
 *(.fini_array*)
                [!provide]                PROVIDE (__fini_array_end = .)
                0x08000738                . = ALIGN (0x8)
                0x08000738                _sidata = LOADADDR (.data)

.data           0x20000000        0x8 load address 0x08000738
                0x20000000                . = ALIGN (0x8)
                0x20000000                _sdata = .
 *(.data)
 *(.data*)
 .data.myData   0x20000000        0x4 out/obj/blinky/main.o
                0x20000000                myData
                0x20000008                . = ALIGN (0x8)
 *fill*         0x20000004        0x4 
                0x20000008                _edata = .

.igot.plt       0x20000008        0x0 load address 0x08000740
 .igot.plt      0x20000008        0x0 out/lib/drivers.a(crt0.o)
                0x20000008                . = ALIGN (0x4)

.bss            0x20000008        0x0 load address 0x08000740
                0x20000008                _sbss = .
                0x20000008                __bss_start__ = _sbss
 *(.bss)
 *(.bss*)
 *(COMMON)
                0x20000008                . = ALIGN (0x4)
                0x20000008                _ebss = .
                0x20000008                __bss_end__ = _ebss

._user_heap_stack
                0x20000008      0x600 load address 0x08000740
                0x20000008                . = ALIGN (0x8)
                [!provide]                PROVIDE (end = .)
                [!provide]                PROVIDE (_end = .)
                0x20000208                . = (. + _Min_Heap_Size)
 *fill*         0x20000008      0x200 
                0x20000608                . = (. + _Min_Stack_Size)
 *fill*         0x20000208      0x400 
                0x20000608                . = ALIGN (0x8)

/DISCARD/

.ARM.attributes
                0x00000000       0x2c
 *(.ARM.attributes)
 .ARM.attributes
                0x00000000       0x2c out/lib/drivers.a(crt0.o)
 .ARM.attributes
                0x0000002c       0x2c out/obj/blinky/main.o
LOAD out/lib/drivers.a
LOAD out/obj/blinky/main.o
OUTPUT(out/bin/blinky.elf elf32-littlearm)
LOAD linker stubs

.debug_info     0x00000000      0xbb6
 .debug_info    0x00000000      0xaec out/lib/drivers.a(crt0.o)
 .debug_info    0x00000aec       0xca out/obj/blinky/main.o

.debug_abbrev   0x00000000      0x25d
 .debug_abbrev  0x00000000      0x1c8 out/lib/drivers.a(crt0.o)
 .debug_abbrev  0x000001c8       0x95 out/obj/blinky/main.o

.debug_aranges  0x00000000      0x368
 .debug_aranges
                0x00000000      0x348 out/lib/drivers.a(crt0.o)
 .debug_aranges
                0x00000348       0x20 out/obj/blinky/main.o

.debug_ranges   0x00000000      0x348
 .debug_ranges  0x00000000      0x338 out/lib/drivers.a(crt0.o)
 .debug_ranges  0x00000338       0x10 out/obj/blinky/main.o

.debug_line     0x00000000      0x99a
 .debug_line    0x00000000      0x8b0 out/lib/drivers.a(crt0.o)
 .debug_line    0x000008b0       0xea out/obj/blinky/main.o

.debug_str      0x00000000      0x8ad
 .debug_str     0x00000000      0x88b out/lib/drivers.a(crt0.o)
                                0x8d4 (size before relaxing)
 .debug_str     0x0000088b       0x22 out/obj/blinky/main.o
                                0x1c8 (size before relaxing)

.comment        0x00000000       0x4c
 .comment       0x00000000       0x4c out/lib/drivers.a(crt0.o)
                                 0x4d (size before relaxing)
 .comment       0x0000004c       0x4d out/obj/blinky/main.o

.debug_frame    0x00000000      0xb68
 .debug_frame   0x00000000      0xb38 out/lib/drivers.a(crt0.o)
 .debug_frame   0x00000b38       0x30 out/obj/blinky/main.o
