Archive member included to satisfy reference by file (symbol)

out/lib/drivers.a(crt0.o)     (Reset_Handler)
out/lib/drivers.a(gpio.o)     out/obj/blinky/bsp.o (GPIO_EnableClock)

Discarded input sections

 .text          0x00000000        0x0 out/obj/blinky/bsp.o
 .data          0x00000000        0x0 out/obj/blinky/bsp.o
 .bss           0x00000000        0x0 out/obj/blinky/bsp.o
 .text.BSP_GetSystemClock
                0x00000000       0x14 out/obj/blinky/bsp.o
 .text          0x00000000        0x0 out/obj/blinky/main.o
 .data          0x00000000        0x0 out/obj/blinky/main.o
 .bss           0x00000000        0x0 out/obj/blinky/main.o
 .data.myData   0x00000000        0x4 out/obj/blinky/main.o
 .text          0x00000000        0x0 out/lib/drivers.a(crt0.o)
 .data          0x00000000        0x0 out/lib/drivers.a(crt0.o)
 .bss           0x00000000        0x0 out/lib/drivers.a(crt0.o)
 .text          0x00000000        0x0 out/lib/drivers.a(gpio.o)
 .data          0x00000000        0x0 out/lib/drivers.a(gpio.o)
 .bss           0x00000000        0x0 out/lib/drivers.a(gpio.o)

Memory Configuration

Name             Origin             Length             Attributes
FLASH            0x08000000         0x00100000         xr
RAM              0x20000000         0x00018000         xrw
*default*        0x00000000         0xffffffff

Linker script and memory map

                0x20018000                _estack = 0x20018000
                0x00000200                _Min_Heap_Size = 0x200
                0x00000400                _Min_Stack_Size = 0x400

.isr_vector     0x08000000      0x1b0
                0x08000000                . = ALIGN (0x8)
 *(.isr_vector)
 .isr_vector    0x08000000      0x1ac out/lib/drivers.a(crt0.o)
                0x08000000                vectorTable
                0x080001b0                . = ALIGN (0x8)
 *fill*         0x080001ac        0x4 

.text           0x080001b0      0x8d0
                0x080001b0                . = ALIGN (0x8)
 *(.text)
 *(.text*)
 .text.BSP_Init
                0x080001b0       0x34 out/obj/blinky/bsp.o
                0x080001b0                BSP_Init
 .text.BSP_TurnOnLED
                0x080001e4       0x30 out/obj/blinky/bsp.o
                0x080001e4                BSP_TurnOnLED
 .text.BSP_TurnOffLED
                0x08000214       0x30 out/obj/blinky/bsp.o
                0x08000214                BSP_TurnOffLED
 .text.BSP_ToggleLED
                0x08000244       0x30 out/obj/blinky/bsp.o
                0x08000244                BSP_ToggleLED
 .text.ConfigureClock
                0x08000274       0x9c out/obj/blinky/bsp.o
 .text.ConfigureLED
                0x08000310       0x42 out/obj/blinky/bsp.o
 *fill*         0x08000352        0x2 
 .text.main     0x08000354       0x3c out/obj/blinky/main.o
                0x08000354                main
 .text.Reset_Handler
                0x08000390       0x64 out/lib/drivers.a(crt0.o)
                0x08000390                Reset_Handler
 .text.NMI_Handler
                0x080003f4        0xc out/lib/drivers.a(crt0.o)
                0x080003f4                NMI_Handler
 .text.HardFault_Handler
                0x08000400        0xc out/lib/drivers.a(crt0.o)
                0x08000400                HardFault_Handler
 .text.MemManage_Handler
                0x0800040c        0xc out/lib/drivers.a(crt0.o)
                0x0800040c                MemManage_Handler
 .text.BusFault_Handler
                0x08000418        0xc out/lib/drivers.a(crt0.o)
                0x08000418                BusFault_Handler
 .text.UsageFault_Handler
                0x08000424        0xc out/lib/drivers.a(crt0.o)
                0x08000424                UsageFault_Handler
 .text.SVCall_Handler
                0x08000430        0xc out/lib/drivers.a(crt0.o)
                0x08000430                SVCall_Handler
 .text.Debug_Handler
                0x0800043c        0xc out/lib/drivers.a(crt0.o)
                0x0800043c                Debug_Handler
 .text.PendSV_Handler
                0x08000448        0xc out/lib/drivers.a(crt0.o)
                0x08000448                PendSV_Handler
 .text.SysTick_Handler
                0x08000454        0xc out/lib/drivers.a(crt0.o)
                0x08000454                SysTick_Handler
 .text.WWDG_Handler
                0x08000460        0xc out/lib/drivers.a(crt0.o)
                0x08000460                WWDG_Handler
 .text.PVD_PVM_Handler
                0x0800046c        0xc out/lib/drivers.a(crt0.o)
                0x0800046c                PVD_PVM_Handler
 .text.RTC_TAMP_STAMP_CSS_LSE_Handler
                0x08000478        0xc out/lib/drivers.a(crt0.o)
                0x08000478                RTC_TAMP_STAMP_CSS_LSE_Handler
 .text.RTC_WKUP_Handler
                0x08000484        0xc out/lib/drivers.a(crt0.o)
                0x08000484                RTC_WKUP_Handler
 .text.FLASH_Handler
                0x08000490        0xc out/lib/drivers.a(crt0.o)
                0x08000490                FLASH_Handler
 .text.RCC_Handler
                0x0800049c        0xc out/lib/drivers.a(crt0.o)
                0x0800049c                RCC_Handler
 .text.EXTI0_Handler
                0x080004a8        0xc out/lib/drivers.a(crt0.o)
                0x080004a8                EXTI0_Handler
 .text.EXTI1_Handler
                0x080004b4        0xc out/lib/drivers.a(crt0.o)
                0x080004b4                EXTI1_Handler
 .text.EXTI2_Handler
                0x080004c0        0xc out/lib/drivers.a(crt0.o)
                0x080004c0                EXTI2_Handler
 .text.EXTI3_Handler
                0x080004cc        0xc out/lib/drivers.a(crt0.o)
                0x080004cc                EXTI3_Handler
 .text.EXTI4_Handler
                0x080004d8        0xc out/lib/drivers.a(crt0.o)
                0x080004d8                EXTI4_Handler
 .text.DMA1_CH1_Handler
                0x080004e4        0xc out/lib/drivers.a(crt0.o)
                0x080004e4                DMA1_CH1_Handler
 .text.DMA1_CH2_Handler
                0x080004f0        0xc out/lib/drivers.a(crt0.o)
                0x080004f0                DMA1_CH2_Handler
 .text.DMA1_CH3_Handler
                0x080004fc        0xc out/lib/drivers.a(crt0.o)
                0x080004fc                DMA1_CH3_Handler
 .text.DMA1_CH4_Handler
                0x08000508        0xc out/lib/drivers.a(crt0.o)
                0x08000508                DMA1_CH4_Handler
 .text.DMA1_CH5_Handler
                0x08000514        0xc out/lib/drivers.a(crt0.o)
                0x08000514                DMA1_CH5_Handler
 .text.DMA1_CH6_Handler
                0x08000520        0xc out/lib/drivers.a(crt0.o)
                0x08000520                DMA1_CH6_Handler
 .text.DMA1_CH7_Handler
                0x0800052c        0xc out/lib/drivers.a(crt0.o)
                0x0800052c                DMA1_CH7_Handler
 .text.ADC_1_2_Handler
                0x08000538        0xc out/lib/drivers.a(crt0.o)
                0x08000538                ADC_1_2_Handler
 .text.CAN1_TX_Handler
                0x08000544        0xc out/lib/drivers.a(crt0.o)
                0x08000544                CAN1_TX_Handler
 .text.CAN1_RX0_Handler
                0x08000550        0xc out/lib/drivers.a(crt0.o)
                0x08000550                CAN1_RX0_Handler
 .text.CAN1_RX1_Handler
                0x0800055c        0xc out/lib/drivers.a(crt0.o)
                0x0800055c                CAN1_RX1_Handler
 .text.CAN1_SCE_Handler
                0x08000568        0xc out/lib/drivers.a(crt0.o)
                0x08000568                CAN1_SCE_Handler
 .text.EXTI9_5_Handler
                0x08000574        0xc out/lib/drivers.a(crt0.o)
                0x08000574                EXTI9_5_Handler
 .text.TIM1_BRK_TIM15_Handler
                0x08000580        0xc out/lib/drivers.a(crt0.o)
                0x08000580                TIM1_BRK_TIM15_Handler
 .text.TIM1_UP_TIM16_Handler
                0x0800058c        0xc out/lib/drivers.a(crt0.o)
                0x0800058c                TIM1_UP_TIM16_Handler
 .text.TIM1_TRG_COM_TIM17_Handler
                0x08000598        0xc out/lib/drivers.a(crt0.o)
                0x08000598                TIM1_TRG_COM_TIM17_Handler
 .text.TIM1_CC_Handler
                0x080005a4        0xc out/lib/drivers.a(crt0.o)
                0x080005a4                TIM1_CC_Handler
 .text.TIM2_Handler
                0x080005b0        0xc out/lib/drivers.a(crt0.o)
                0x080005b0                TIM2_Handler
 .text.TIM3_Handler
                0x080005bc        0xc out/lib/drivers.a(crt0.o)
                0x080005bc                TIM3_Handler
 .text.TIM4_Handler
                0x080005c8        0xc out/lib/drivers.a(crt0.o)
                0x080005c8                TIM4_Handler
 .text.I2C1_EV_Handler
                0x080005d4        0xc out/lib/drivers.a(crt0.o)
                0x080005d4                I2C1_EV_Handler
 .text.I2C1_ER_Handler
                0x080005e0        0xc out/lib/drivers.a(crt0.o)
                0x080005e0                I2C1_ER_Handler
 .text.I2C2_EV_Handler
                0x080005ec        0xc out/lib/drivers.a(crt0.o)
                0x080005ec                I2C2_EV_Handler
 .text.I2C2_ER_Handler
                0x080005f8        0xc out/lib/drivers.a(crt0.o)
                0x080005f8                I2C2_ER_Handler
 .text.SPI1_Handler
                0x08000604        0xc out/lib/drivers.a(crt0.o)
                0x08000604                SPI1_Handler
 .text.SPI2_Handler
                0x08000610        0xc out/lib/drivers.a(crt0.o)
                0x08000610                SPI2_Handler
 .text.USART1_Handler
                0x0800061c        0xc out/lib/drivers.a(crt0.o)
                0x0800061c                USART1_Handler
 .text.USART2_Handler
                0x08000628        0xc out/lib/drivers.a(crt0.o)
                0x08000628                USART2_Handler
 .text.USART3_Handler
                0x08000634        0xc out/lib/drivers.a(crt0.o)
                0x08000634                USART3_Handler
 .text.EXTI15_10_Handler
                0x08000640        0xc out/lib/drivers.a(crt0.o)
                0x08000640                EXTI15_10_Handler
 .text.RTC_ALARM_Handler
                0x0800064c        0xc out/lib/drivers.a(crt0.o)
                0x0800064c                RTC_ALARM_Handler
 .text.DFSDM1_FLT3_Handler
                0x08000658        0xc out/lib/drivers.a(crt0.o)
                0x08000658                DFSDM1_FLT3_Handler
 .text.TIM8_BRK_Handler
                0x08000664        0xc out/lib/drivers.a(crt0.o)
                0x08000664                TIM8_BRK_Handler
 .text.TIM8_UP_Handler
                0x08000670        0xc out/lib/drivers.a(crt0.o)
                0x08000670                TIM8_UP_Handler
 .text.TIM8_TRG_COM_Handler
                0x0800067c        0xc out/lib/drivers.a(crt0.o)
                0x0800067c                TIM8_TRG_COM_Handler
 .text.TIM8_CC_Handler
                0x08000688        0xc out/lib/drivers.a(crt0.o)
                0x08000688                TIM8_CC_Handler
 .text.ADC3_Handler
                0x08000694        0xc out/lib/drivers.a(crt0.o)
                0x08000694                ADC3_Handler
 .text.FMC_Handler
                0x080006a0        0xc out/lib/drivers.a(crt0.o)
                0x080006a0                FMC_Handler
 .text.SDMMC1_Handler
                0x080006ac        0xc out/lib/drivers.a(crt0.o)
                0x080006ac                SDMMC1_Handler
 .text.TIM5_Handler
                0x080006b8        0xc out/lib/drivers.a(crt0.o)
                0x080006b8                TIM5_Handler
 .text.SPI3_Handler
                0x080006c4        0xc out/lib/drivers.a(crt0.o)
                0x080006c4                SPI3_Handler
 .text.UART4_Handler
                0x080006d0        0xc out/lib/drivers.a(crt0.o)
                0x080006d0                UART4_Handler
 .text.UART5_Handler
                0x080006dc        0xc out/lib/drivers.a(crt0.o)
                0x080006dc                UART5_Handler
 .text.TIM6_DACUNDER_Handler
                0x080006e8        0xc out/lib/drivers.a(crt0.o)
                0x080006e8                TIM6_DACUNDER_Handler
 .text.TIM7_Handler
                0x080006f4        0xc out/lib/drivers.a(crt0.o)
                0x080006f4                TIM7_Handler
 .text.DMA2_CH1_Handler
                0x08000700        0xc out/lib/drivers.a(crt0.o)
                0x08000700                DMA2_CH1_Handler
 .text.DMA2_CH2_Handler
                0x0800070c        0xc out/lib/drivers.a(crt0.o)
                0x0800070c                DMA2_CH2_Handler
 .text.DMA2_CH3_Handler
                0x08000718        0xc out/lib/drivers.a(crt0.o)
                0x08000718                DMA2_CH3_Handler
 .text.DMA2_CH4_Handler
                0x08000724        0xc out/lib/drivers.a(crt0.o)
                0x08000724                DMA2_CH4_Handler
 .text.DMA2_CH5_Handler
                0x08000730        0xc out/lib/drivers.a(crt0.o)
                0x08000730                DMA2_CH5_Handler
 .text.DFSDM1_FLT0_Handler
                0x0800073c        0xc out/lib/drivers.a(crt0.o)
                0x0800073c                DFSDM1_FLT0_Handler
 .text.DFSDM1_FLT1_Handler
                0x08000748        0xc out/lib/drivers.a(crt0.o)
                0x08000748                DFSDM1_FLT1_Handler
 .text.DFSDM1_FLT2_Handler
                0x08000754        0xc out/lib/drivers.a(crt0.o)
                0x08000754                DFSDM1_FLT2_Handler
 .text.COMP_Handler
                0x08000760        0xc out/lib/drivers.a(crt0.o)
                0x08000760                COMP_Handler
 .text.LPTIM1_Handler
                0x0800076c        0xc out/lib/drivers.a(crt0.o)
                0x0800076c                LPTIM1_Handler
 .text.LPTIM2_Handler
                0x08000778        0xc out/lib/drivers.a(crt0.o)
                0x08000778                LPTIM2_Handler
 .text.OTG_FS_Handler
                0x08000784        0xc out/lib/drivers.a(crt0.o)
                0x08000784                OTG_FS_Handler
 .text.DMA2_CH6_Handler
                0x08000790        0xc out/lib/drivers.a(crt0.o)
                0x08000790                DMA2_CH6_Handler
 .text.DMA2_CH7_Handler
                0x0800079c        0xc out/lib/drivers.a(crt0.o)
                0x0800079c                DMA2_CH7_Handler
 .text.LPUART1_Handler
                0x080007a8        0xc out/lib/drivers.a(crt0.o)
                0x080007a8                LPUART1_Handler
 .text.QUADSPI_Handler
                0x080007b4        0xc out/lib/drivers.a(crt0.o)
                0x080007b4                QUADSPI_Handler
 .text.I2C3_EV_Handler
                0x080007c0        0xc out/lib/drivers.a(crt0.o)
                0x080007c0                I2C3_EV_Handler
 .text.I2C3_ER_Handler
                0x080007cc        0xc out/lib/drivers.a(crt0.o)
                0x080007cc                I2C3_ER_Handler
 .text.SAI1_Handler
                0x080007d8        0xc out/lib/drivers.a(crt0.o)
                0x080007d8                SAI1_Handler
 .text.SAI2_Handler
                0x080007e4        0xc out/lib/drivers.a(crt0.o)
                0x080007e4                SAI2_Handler
 .text.SWPMI1_Handler
                0x080007f0        0xc out/lib/drivers.a(crt0.o)
                0x080007f0                SWPMI1_Handler
 .text.TSC_Handler
                0x080007fc        0xc out/lib/drivers.a(crt0.o)
                0x080007fc                TSC_Handler
 .text.LCD_Handler
                0x08000808        0xc out/lib/drivers.a(crt0.o)
                0x08000808                LCD_Handler
 .text.AES_Handler
                0x08000814        0xc out/lib/drivers.a(crt0.o)
                0x08000814                AES_Handler
 .text.RNG_Handler
                0x08000820        0xc out/lib/drivers.a(crt0.o)
                0x08000820                RNG_Handler
 .text.FPU_Handler
                0x0800082c        0xc out/lib/drivers.a(crt0.o)
                0x0800082c                FPU_Handler
 .text.HASH_CRS_Handler
                0x08000838        0xc out/lib/drivers.a(crt0.o)
                0x08000838                HASH_CRS_Handler
 .text.I2C4_EV_Handler
                0x08000844        0xc out/lib/drivers.a(crt0.o)
                0x08000844                I2C4_EV_Handler
 .text.I2C4_ER_Handler
                0x08000850        0xc out/lib/drivers.a(crt0.o)
                0x08000850                I2C4_ER_Handler
 .text.DCMI_Handler
                0x0800085c        0xc out/lib/drivers.a(crt0.o)
                0x0800085c                DCMI_Handler
 .text.CAN2_TX_Handler
                0x08000868        0xc out/lib/drivers.a(crt0.o)
                0x08000868                CAN2_TX_Handler
 .text.CAN2_RX0_Handler
                0x08000874        0xc out/lib/drivers.a(crt0.o)
                0x08000874                CAN2_RX0_Handler
 .text.CAN2_RX1_Handler
                0x08000880        0xc out/lib/drivers.a(crt0.o)
                0x08000880                CAN2_RX1_Handler
 .text.CAN2_SCE_Handler
                0x0800088c        0xc out/lib/drivers.a(crt0.o)
                0x0800088c                CAN2_SCE_Handler
 .text.DMA2D_Handler
                0x08000898        0xc out/lib/drivers.a(crt0.o)
                0x08000898                DMA2D_Handler
 .text.Default_Handler
                0x080008a4        0x6 out/lib/drivers.a(crt0.o)
 .text.CopyData
                0x080008aa       0x3a out/lib/drivers.a(crt0.o)
                0x080008aa                CopyData
 .text.ClearData
                0x080008e4       0x30 out/lib/drivers.a(crt0.o)
                0x080008e4                ClearData
 .text.GPIO_EnableClock
                0x08000914       0x28 out/lib/drivers.a(gpio.o)
                0x08000914                GPIO_EnableClock
 .text.GPIO_ConfigurePin
                0x0800093c       0xa0 out/lib/drivers.a(gpio.o)
                0x0800093c                GPIO_ConfigurePin
 .text.GPIO_SetPin
                0x080009dc       0x34 out/lib/drivers.a(gpio.o)
                0x080009dc                GPIO_SetPin
 .text.GPIO_ResetPin
                0x08000a10       0x38 out/lib/drivers.a(gpio.o)
                0x08000a10                GPIO_ResetPin
 .text.GPIO_TogglePin
                0x08000a48       0x34 out/lib/drivers.a(gpio.o)
                0x08000a48                GPIO_TogglePin
 *(.glue_7)
 .glue_7        0x08000a7c        0x0 linker stubs
 *(.glue_7t)
 .glue_7t       0x08000a7c        0x0 linker stubs
 *(.eh_frame)
 *(.init)
 *(.fini)
                0x08000a80                . = ALIGN (0x8)
 *fill*         0x08000a7c        0x4 
                0x08000a80                _etext = .

.vfp11_veneer   0x08000a80        0x0
 .vfp11_veneer  0x08000a80        0x0 linker stubs

.v4_bx          0x08000a80        0x0
 .v4_bx         0x08000a80        0x0 linker stubs

.iplt           0x08000a80        0x0
 .iplt          0x08000a80        0x0 out/obj/blinky/bsp.o

.rel.dyn        0x08000a80        0x0
 .rel.iplt      0x08000a80        0x0 out/obj/blinky/bsp.o

.rodata         0x08000a80        0x0
                0x08000a80                . = ALIGN (0x8)
 *(.rodata)
 *(.rodata*)
                0x08000a80                . = ALIGN (0x8)

.ARM.extab      0x08000a80        0x0
                0x08000a80                . = ALIGN (0x8)
 *(.ARM.extab* .gnu.linkonce.armextab.*)
                0x08000a80                . = ALIGN (0x8)

.ARM            0x08000a80        0x0
                0x08000a80                . = ALIGN (0x8)
                0x08000a80                __exidx_start = .
 *(.ARM.exidx*)
                0x08000a80                __exidx_end = .
                0x08000a80                . = ALIGN (0x8)

.preinit_array  0x08000a80        0x0
                0x08000a80                . = ALIGN (0x8)
                [!provide]                PROVIDE (__preinit_array_start = .)
 *(.preinit_array*)
                [!provide]                PROVIDE (__preinit_array_end = .)
                0x08000a80                . = ALIGN (0x8)

.init_array     0x08000a80        0x0
                0x08000a80                . = ALIGN (0x8)
                [!provide]                PROVIDE (__init_array_start = .)
 *(SORT_BY_NAME(.init_array.*))
 *(.init_array*)
                [!provide]                PROVIDE (__init_array_end = .)
                0x08000a80                . = ALIGN (0x8)

.fini_array     0x08000a80        0x0
                0x08000a80                . = ALIGN (0x8)
                [!provide]                PROVIDE (__fini_array_start = .)
 *(SORT_BY_NAME(.fini_array.*))
 *(.fini_array*)
                [!provide]                PROVIDE (__fini_array_end = .)
                0x08000a80                . = ALIGN (0x8)
                0x08000a80                _sidata = LOADADDR (.data)

.data           0x20000000       0x28 load address 0x08000a80
                0x20000000                . = ALIGN (0x8)
                0x20000000                _sdata = .
 *(.data)
 *(.data*)
 .data.systemClock
                0x20000000        0x4 out/obj/blinky/bsp.o
 .data.ports    0x20000004       0x24 out/lib/drivers.a(gpio.o)
                0x20000028                . = ALIGN (0x8)
                0x20000028                _edata = .

.igot.plt       0x20000028        0x0 load address 0x08000aa8
 .igot.plt      0x20000028        0x0 out/obj/blinky/bsp.o
                0x20000028                . = ALIGN (0x4)

.bss            0x20000028        0x0 load address 0x08000aa8
                0x20000028                _sbss = .
                0x20000028                __bss_start__ = _sbss
 *(.bss)
 *(.bss*)
 *(COMMON)
                0x20000028                . = ALIGN (0x4)
                0x20000028                _ebss = .
                0x20000028                __bss_end__ = _ebss

._user_heap_stack
                0x20000028      0x600 load address 0x08000aa8
                0x20000028                . = ALIGN (0x8)
                [!provide]                PROVIDE (end = .)
                [!provide]                PROVIDE (_end = .)
                0x20000228                . = (. + _Min_Heap_Size)
 *fill*         0x20000028      0x200 
                0x20000628                . = (. + _Min_Stack_Size)
 *fill*         0x20000228      0x400 
                0x20000628                . = ALIGN (0x8)

/DISCARD/

.ARM.attributes
                0x00000000       0x2c
 *(.ARM.attributes)
 .ARM.attributes
                0x00000000       0x2c out/obj/blinky/bsp.o
 .ARM.attributes
                0x0000002c       0x2c out/obj/blinky/main.o
 .ARM.attributes
                0x00000058       0x2c out/lib/drivers.a(crt0.o)
 .ARM.attributes
                0x00000084       0x2c out/lib/drivers.a(gpio.o)
LOAD out/obj/blinky/bsp.o
LOAD out/obj/blinky/main.o
LOAD out/lib/drivers.a
OUTPUT(out/bin/blinky.elf elf32-littlearm)
LOAD linker stubs

.debug_info     0x00000000     0x1579
 .debug_info    0x00000000      0x4a9 out/obj/blinky/bsp.o
 .debug_info    0x000004a9       0xd0 out/obj/blinky/main.o
 .debug_info    0x00000579      0xa9c out/lib/drivers.a(crt0.o)
 .debug_info    0x00001015      0x564 out/lib/drivers.a(gpio.o)

.debug_abbrev   0x00000000      0x47c
 .debug_abbrev  0x00000000      0x13f out/obj/blinky/bsp.o
 .debug_abbrev  0x0000013f       0x95 out/obj/blinky/main.o
 .debug_abbrev  0x000001d4      0x18a out/lib/drivers.a(crt0.o)
 .debug_abbrev  0x0000035e      0x11e out/lib/drivers.a(gpio.o)

.debug_aranges  0x00000000      0x408
 .debug_aranges
                0x00000000       0x50 out/obj/blinky/bsp.o
 .debug_aranges
                0x00000050       0x20 out/obj/blinky/main.o
 .debug_aranges
                0x00000070      0x358 out/lib/drivers.a(crt0.o)
 .debug_aranges
                0x000003c8       0x40 out/lib/drivers.a(gpio.o)

.debug_ranges   0x00000000      0x3c8
 .debug_ranges  0x00000000       0x40 out/obj/blinky/bsp.o
 .debug_ranges  0x00000040       0x10 out/obj/blinky/main.o
 .debug_ranges  0x00000050      0x348 out/lib/drivers.a(crt0.o)
 .debug_ranges  0x00000398       0x30 out/lib/drivers.a(gpio.o)

.debug_line     0x00000000      0xd44
 .debug_line    0x00000000      0x220 out/obj/blinky/bsp.o
 .debug_line    0x00000220       0x97 out/obj/blinky/main.o
 .debug_line    0x000002b7      0x8be out/lib/drivers.a(crt0.o)
 .debug_line    0x00000b75      0x1cf out/lib/drivers.a(gpio.o)

.debug_str      0x00000000      0xf97
 .debug_str     0x00000000      0x75d out/obj/blinky/bsp.o
                                0x796 (size before relaxing)
 .debug_str     0x0000075d       0x22 out/obj/blinky/main.o
                                0x1b8 (size before relaxing)
 .debug_str     0x0000077f      0x735 out/lib/drivers.a(crt0.o)
                                0x8d0 (size before relaxing)
 .debug_str     0x00000eb4       0xe3 out/lib/drivers.a(gpio.o)
                                0x761 (size before relaxing)

.comment        0x00000000       0x4c
 .comment       0x00000000       0x4c out/obj/blinky/bsp.o
                                 0x4d (size before relaxing)
 .comment       0x0000004c       0x4d out/obj/blinky/main.o
 .comment       0x0000004c       0x4d out/lib/drivers.a(crt0.o)
 .comment       0x0000004c       0x4d out/lib/drivers.a(gpio.o)

.debug_frame    0x00000000      0xd98
 .debug_frame   0x00000000      0x10c out/obj/blinky/bsp.o
 .debug_frame   0x0000010c       0x30 out/obj/blinky/main.o
 .debug_frame   0x0000013c      0xb84 out/lib/drivers.a(crt0.o)
 .debug_frame   0x00000cc0       0xd8 out/lib/drivers.a(gpio.o)
